2026-02-28 19:19:26,873 - INFO - 训练设备：cuda
2026-02-28 19:19:29,354 - INFO - 数据集加载完成 | 训练集数量：50000 | 验证集数量：10000
2026-02-28 19:19:30,067 - INFO - 模型构建完成：resnet34
2026-02-28 19:19:30,068 - INFO - 
========== Epoch 1/100 ==========
2026-02-28 19:19:30,068 - INFO - Epoch 1: 冻结backbone，仅训练 ['fc'] 层
2026-02-28 19:19:59,708 - INFO - Train | Loss: 1.9251 | Acc: 0.3272
2026-02-28 19:20:04,143 - INFO - Valid | Loss: 1.8775 | Acc: 0.3646
2026-02-28 19:20:04,323 - INFO - 保存最佳模型 | 验证准确率：0.3646 | 路径：./work_dirs/resnet34\best_model.pth
2026-02-28 19:20:04,324 - INFO - 
========== Epoch 2/100 ==========
2026-02-28 19:20:04,329 - INFO - Epoch 2: 冻结backbone，仅训练 ['fc'] 层
2026-02-28 19:20:33,970 - INFO - Train | Loss: 1.7253 | Acc: 0.4046
2026-02-28 19:20:38,076 - INFO - Valid | Loss: 1.7773 | Acc: 0.3989
2026-02-28 19:20:38,246 - INFO - 保存最佳模型 | 验证准确率：0.3989 | 路径：./work_dirs/resnet34\best_model.pth
2026-02-28 19:20:38,248 - INFO - 
========== Epoch 3/100 ==========
2026-02-28 19:20:38,248 - INFO - Epoch 3: 冻结backbone，仅训练 ['fc'] 层
2026-02-28 19:21:09,031 - INFO - Train | Loss: 1.6792 | Acc: 0.4194
2026-02-28 19:21:13,116 - INFO - Valid | Loss: 1.7595 | Acc: 0.4059
2026-02-28 19:21:13,291 - INFO - 保存最佳模型 | 验证准确率：0.4059 | 路径：./work_dirs/resnet34\best_model.pth
2026-02-28 19:21:13,292 - INFO - 
========== Epoch 4/100 ==========
2026-02-28 19:21:13,292 - INFO - Epoch 4: 冻结backbone，仅训练 ['fc'] 层
2026-02-28 19:21:44,342 - INFO - Train | Loss: 1.6537 | Acc: 0.4267
2026-02-28 19:21:48,465 - INFO - Valid | Loss: 1.7670 | Acc: 0.4098
2026-02-28 19:21:48,634 - INFO - 保存最佳模型 | 验证准确率：0.4098 | 路径：./work_dirs/resnet34\best_model.pth
2026-02-28 19:21:48,635 - INFO - 
========== Epoch 5/100 ==========
2026-02-28 19:21:48,635 - INFO - Epoch 5: 冻结backbone，仅训练 ['fc'] 层
2026-02-28 19:22:19,526 - INFO - Train | Loss: 1.6413 | Acc: 0.4320
2026-02-28 19:22:23,560 - INFO - Valid | Loss: 1.7294 | Acc: 0.4215
2026-02-28 19:22:23,734 - INFO - 保存最佳模型 | 验证准确率：0.4215 | 路径：./work_dirs/resnet34\best_model.pth
2026-02-28 19:22:23,735 - INFO - 
========== Epoch 6/100 ==========
2026-02-28 19:22:23,735 - INFO - Epoch 6: 冻结backbone，仅训练 ['fc'] 层
2026-02-28 19:22:54,656 - INFO - Train | Loss: 1.6323 | Acc: 0.4350
2026-02-28 19:22:58,758 - INFO - Valid | Loss: 1.7625 | Acc: 0.4160
2026-02-28 19:22:58,759 - INFO - 
========== Epoch 7/100 ==========
2026-02-28 19:22:58,759 - INFO - Epoch 7: 冻结backbone，仅训练 ['fc'] 层
2026-02-28 19:23:29,501 - INFO - Train | Loss: 1.6193 | Acc: 0.4382
2026-02-28 19:23:33,585 - INFO - Valid | Loss: 1.7117 | Acc: 0.4280
2026-02-28 19:23:33,758 - INFO - 保存最佳模型 | 验证准确率：0.4280 | 路径：./work_dirs/resnet34\best_model.pth
2026-02-28 19:23:33,759 - INFO - 
========== Epoch 8/100 ==========
2026-02-28 19:23:33,759 - INFO - Epoch 8: 冻结backbone，仅训练 ['fc'] 层
2026-02-28 19:24:04,425 - INFO - Train | Loss: 1.6214 | Acc: 0.4416
2026-02-28 19:24:08,543 - INFO - Valid | Loss: 1.7173 | Acc: 0.4231
2026-02-28 19:24:08,544 - INFO - 
========== Epoch 9/100 ==========
2026-02-28 19:24:08,544 - INFO - Epoch 9: 冻结backbone，仅训练 ['fc'] 层
2026-02-28 19:24:39,438 - INFO - Train | Loss: 1.6148 | Acc: 0.4433
2026-02-28 19:24:43,519 - INFO - Valid | Loss: 1.7577 | Acc: 0.4198
2026-02-28 19:24:43,520 - INFO - 
========== Epoch 10/100 ==========
2026-02-28 19:24:43,520 - INFO - Epoch 10: 冻结backbone，仅训练 ['fc'] 层
2026-02-28 19:25:14,739 - INFO - Train | Loss: 1.6127 | Acc: 0.4420
2026-02-28 19:25:18,649 - INFO - Valid | Loss: 1.7199 | Acc: 0.4289
2026-02-28 19:25:18,803 - INFO - 保存最佳模型 | 验证准确率：0.4289 | 路径：./work_dirs/resnet34\best_model.pth
2026-02-28 19:25:18,951 - INFO - 保存轮次模型 | 路径：./work_dirs/resnet34\epoch_10_acc_0.4289.pth
2026-02-28 19:25:18,951 - INFO - 
========== Epoch 11/100 ==========
2026-02-28 19:25:18,952 - INFO - Epoch 11: 冻结backbone，仅训练 ['fc'] 层
2026-02-28 19:25:46,940 - INFO - Train | Loss: 1.6113 | Acc: 0.4436
2026-02-28 19:25:51,060 - INFO - Valid | Loss: 1.7323 | Acc: 0.4243
2026-02-28 19:25:51,060 - INFO - 
========== Epoch 12/100 ==========
2026-02-28 19:25:51,060 - INFO - Epoch 12: 冻结backbone，仅训练 ['fc'] 层
2026-02-28 19:26:22,048 - INFO - Train | Loss: 1.6049 | Acc: 0.4440
2026-02-28 19:26:26,214 - INFO - Valid | Loss: 1.7416 | Acc: 0.4304
2026-02-28 19:26:26,385 - INFO - 保存最佳模型 | 验证准确率：0.4304 | 路径：./work_dirs/resnet34\best_model.pth
2026-02-28 19:26:26,385 - INFO - 
========== Epoch 13/100 ==========
2026-02-28 19:26:26,386 - INFO - Epoch 13: 冻结backbone，仅训练 ['fc'] 层
2026-02-28 19:26:57,646 - INFO - Train | Loss: 1.5986 | Acc: 0.4441
2026-02-28 19:27:01,720 - INFO - Valid | Loss: 1.7317 | Acc: 0.4214
2026-02-28 19:27:01,721 - INFO - 
========== Epoch 14/100 ==========
2026-02-28 19:27:01,721 - INFO - Epoch 14: 冻结backbone，仅训练 ['fc'] 层
2026-02-28 19:27:32,990 - INFO - Train | Loss: 1.6034 | Acc: 0.4428
2026-02-28 19:27:37,131 - INFO - Valid | Loss: 1.6808 | Acc: 0.4300
2026-02-28 19:27:37,131 - INFO - 
========== Epoch 15/100 ==========
2026-02-28 19:27:37,131 - INFO - Epoch 15: 冻结backbone，仅训练 ['fc'] 层
2026-02-28 19:28:08,476 - INFO - Train | Loss: 1.6090 | Acc: 0.4431
2026-02-28 19:28:12,531 - INFO - Valid | Loss: 1.7167 | Acc: 0.4278
2026-02-28 19:28:12,532 - INFO - 
========== Epoch 16/100 ==========
2026-02-28 19:28:12,532 - INFO - Epoch 16: 冻结backbone，仅训练 ['fc'] 层
2026-02-28 19:28:43,483 - INFO - Train | Loss: 1.5980 | Acc: 0.4459
2026-02-28 19:28:47,537 - INFO - Valid | Loss: 1.7009 | Acc: 0.4255
2026-02-28 19:28:47,537 - INFO - 
========== Epoch 17/100 ==========
2026-02-28 19:28:47,538 - INFO - Epoch 17: 冻结backbone，仅训练 ['fc'] 层
2026-02-28 19:29:18,152 - INFO - Train | Loss: 1.6009 | Acc: 0.4470
2026-02-28 19:29:22,405 - INFO - Valid | Loss: 1.7222 | Acc: 0.4299
2026-02-28 19:29:22,406 - INFO - 
========== Epoch 18/100 ==========
2026-02-28 19:29:22,406 - INFO - Epoch 18: 冻结backbone，仅训练 ['fc'] 层
2026-02-28 19:29:54,124 - INFO - Train | Loss: 1.6019 | Acc: 0.4460
2026-02-28 19:29:58,171 - INFO - Valid | Loss: 1.7109 | Acc: 0.4308
2026-02-28 19:29:58,344 - INFO - 保存最佳模型 | 验证准确率：0.4308 | 路径：./work_dirs/resnet34\best_model.pth
2026-02-28 19:29:58,345 - INFO - 
========== Epoch 19/100 ==========
2026-02-28 19:29:58,345 - INFO - Epoch 19: 冻结backbone，仅训练 ['fc'] 层
2026-02-28 19:30:29,167 - INFO - Train | Loss: 1.6027 | Acc: 0.4475
2026-02-28 19:30:33,289 - INFO - Valid | Loss: 1.7069 | Acc: 0.4307
2026-02-28 19:30:33,290 - INFO - 
========== Epoch 20/100 ==========
2026-02-28 19:30:33,290 - INFO - Epoch 20: 冻结backbone，仅训练 ['fc'] 层
2026-02-28 19:31:00,417 - INFO - Train | Loss: 1.6016 | Acc: 0.4456
2026-02-28 19:31:03,914 - INFO - Valid | Loss: 1.7444 | Acc: 0.4244
2026-02-28 19:31:04,063 - INFO - 保存轮次模型 | 路径：./work_dirs/resnet34\epoch_20_acc_0.4244.pth
2026-02-28 19:31:04,063 - INFO - 
========== Epoch 21/100 ==========
2026-02-28 19:31:04,064 - INFO - Epoch 21: 解冻backbone，训练所有层
2026-02-28 19:31:37,324 - INFO - Train | Loss: 1.5034 | Acc: 0.4784
2026-02-28 19:31:40,804 - INFO - Valid | Loss: 1.5243 | Acc: 0.4797
2026-02-28 19:31:40,961 - INFO - 保存最佳模型 | 验证准确率：0.4797 | 路径：./work_dirs/resnet34\best_model.pth
2026-02-28 19:31:40,962 - INFO - 
========== Epoch 22/100 ==========
2026-02-28 19:32:14,211 - INFO - Train | Loss: 1.3762 | Acc: 0.5166
2026-02-28 19:32:17,703 - INFO - Valid | Loss: 1.3960 | Acc: 0.5224
2026-02-28 19:32:17,866 - INFO - 保存最佳模型 | 验证准确率：0.5224 | 路径：./work_dirs/resnet34\best_model.pth
2026-02-28 19:32:17,866 - INFO - 
========== Epoch 23/100 ==========
2026-02-28 19:32:51,679 - INFO - Train | Loss: 1.2816 | Acc: 0.5463
2026-02-28 19:32:55,234 - INFO - Valid | Loss: 1.3048 | Acc: 0.5479
2026-02-28 19:32:55,393 - INFO - 保存最佳模型 | 验证准确率：0.5479 | 路径：./work_dirs/resnet34\best_model.pth
2026-02-28 19:32:55,393 - INFO - 
========== Epoch 24/100 ==========
2026-02-28 19:33:29,192 - INFO - Train | Loss: 1.2191 | Acc: 0.5699
2026-02-28 19:33:32,759 - INFO - Valid | Loss: 1.2222 | Acc: 0.5695
2026-02-28 19:33:32,918 - INFO - 保存最佳模型 | 验证准确率：0.5695 | 路径：./work_dirs/resnet34\best_model.pth
2026-02-28 19:33:32,919 - INFO - 
========== Epoch 25/100 ==========
2026-02-28 19:34:06,585 - INFO - Train | Loss: 1.1681 | Acc: 0.5874
2026-02-28 19:34:10,080 - INFO - Valid | Loss: 1.1783 | Acc: 0.5839
2026-02-28 19:34:10,242 - INFO - 保存最佳模型 | 验证准确率：0.5839 | 路径：./work_dirs/resnet34\best_model.pth
2026-02-28 19:34:10,242 - INFO - 
========== Epoch 26/100 ==========
2026-02-28 19:34:43,981 - INFO - Train | Loss: 1.1198 | Acc: 0.6066
2026-02-28 19:34:47,512 - INFO - Valid | Loss: 1.1144 | Acc: 0.6048
2026-02-28 19:34:47,668 - INFO - 保存最佳模型 | 验证准确率：0.6048 | 路径：./work_dirs/resnet34\best_model.pth
2026-02-28 19:34:47,668 - INFO - 
========== Epoch 27/100 ==========
2026-02-28 19:35:21,432 - INFO - Train | Loss: 1.0846 | Acc: 0.6152
2026-02-28 19:35:24,988 - INFO - Valid | Loss: 1.0786 | Acc: 0.6184
2026-02-28 19:35:25,144 - INFO - 保存最佳模型 | 验证准确率：0.6184 | 路径：./work_dirs/resnet34\best_model.pth
2026-02-28 19:35:25,144 - INFO - 
========== Epoch 28/100 ==========
2026-02-28 19:35:58,877 - INFO - Train | Loss: 1.0550 | Acc: 0.6272
2026-02-28 19:36:02,429 - INFO - Valid | Loss: 1.0481 | Acc: 0.6304
2026-02-28 19:36:02,583 - INFO - 保存最佳模型 | 验证准确率：0.6304 | 路径：./work_dirs/resnet34\best_model.pth
2026-02-28 19:36:02,584 - INFO - 
========== Epoch 29/100 ==========
2026-02-28 19:36:36,146 - INFO - Train | Loss: 1.0225 | Acc: 0.6395
2026-02-28 19:36:39,664 - INFO - Valid | Loss: 1.0121 | Acc: 0.6415
2026-02-28 19:36:39,824 - INFO - 保存最佳模型 | 验证准确率：0.6415 | 路径：./work_dirs/resnet34\best_model.pth
2026-02-28 19:36:39,825 - INFO - 
========== Epoch 30/100 ==========
2026-02-28 19:37:13,552 - INFO - Train | Loss: 0.9988 | Acc: 0.6478
2026-02-28 19:37:17,067 - INFO - Valid | Loss: 1.0020 | Acc: 0.6451
2026-02-28 19:37:17,223 - INFO - 保存最佳模型 | 验证准确率：0.6451 | 路径：./work_dirs/resnet34\best_model.pth
2026-02-28 19:37:17,372 - INFO - 保存轮次模型 | 路径：./work_dirs/resnet34\epoch_30_acc_0.6451.pth
2026-02-28 19:37:17,373 - INFO - 
========== Epoch 31/100 ==========
2026-02-28 19:37:51,390 - INFO - Train | Loss: 0.9744 | Acc: 0.6572
2026-02-28 19:37:54,876 - INFO - Valid | Loss: 0.9764 | Acc: 0.6545
2026-02-28 19:37:55,031 - INFO - 保存最佳模型 | 验证准确率：0.6545 | 路径：./work_dirs/resnet34\best_model.pth
2026-02-28 19:37:55,031 - INFO - 
========== Epoch 32/100 ==========
2026-02-28 19:38:32,515 - INFO - Train | Loss: 0.9540 | Acc: 0.6625
2026-02-28 19:38:36,600 - INFO - Valid | Loss: 0.9482 | Acc: 0.6657
2026-02-28 19:38:36,769 - INFO - 保存最佳模型 | 验证准确率：0.6657 | 路径：./work_dirs/resnet34\best_model.pth
2026-02-28 19:38:36,770 - INFO - 
========== Epoch 33/100 ==========
2026-02-28 19:39:15,044 - INFO - Train | Loss: 0.9308 | Acc: 0.6716
2026-02-28 19:39:19,096 - INFO - Valid | Loss: 0.9195 | Acc: 0.6764
2026-02-28 19:39:19,270 - INFO - 保存最佳模型 | 验证准确率：0.6764 | 路径：./work_dirs/resnet34\best_model.pth
2026-02-28 19:39:19,270 - INFO - 
========== Epoch 34/100 ==========
2026-02-28 19:39:57,580 - INFO - Train | Loss: 0.9142 | Acc: 0.6756
2026-02-28 19:40:01,676 - INFO - Valid | Loss: 0.9115 | Acc: 0.6773
2026-02-28 19:40:01,845 - INFO - 保存最佳模型 | 验证准确率：0.6773 | 路径：./work_dirs/resnet34\best_model.pth
2026-02-28 19:40:01,845 - INFO - 
========== Epoch 35/100 ==========
2026-02-28 19:40:38,264 - INFO - Train | Loss: 0.9006 | Acc: 0.6829
2026-02-28 19:40:42,064 - INFO - Valid | Loss: 0.8935 | Acc: 0.6833
2026-02-28 19:40:42,232 - INFO - 保存最佳模型 | 验证准确率：0.6833 | 路径：./work_dirs/resnet34\best_model.pth
2026-02-28 19:40:42,232 - INFO - 
========== Epoch 36/100 ==========
2026-02-28 19:41:18,109 - INFO - Train | Loss: 0.8888 | Acc: 0.6874
2026-02-28 19:41:21,880 - INFO - Valid | Loss: 0.8867 | Acc: 0.6857
2026-02-28 19:41:22,037 - INFO - 保存最佳模型 | 验证准确率：0.6857 | 路径：./work_dirs/resnet34\best_model.pth
2026-02-28 19:41:22,038 - INFO - 
========== Epoch 37/100 ==========
2026-02-28 19:41:57,995 - INFO - Train | Loss: 0.8697 | Acc: 0.6916
2026-02-28 19:42:01,839 - INFO - Valid | Loss: 0.8628 | Acc: 0.6962
2026-02-28 19:42:02,015 - INFO - 保存最佳模型 | 验证准确率：0.6962 | 路径：./work_dirs/resnet34\best_model.pth
2026-02-28 19:42:02,015 - INFO - 
========== Epoch 38/100 ==========
2026-02-28 19:42:38,344 - INFO - Train | Loss: 0.8571 | Acc: 0.6975
2026-02-28 19:42:42,129 - INFO - Valid | Loss: 0.8469 | Acc: 0.6998
2026-02-28 19:42:42,285 - INFO - 保存最佳模型 | 验证准确率：0.6998 | 路径：./work_dirs/resnet34\best_model.pth
2026-02-28 19:42:42,285 - INFO - 
========== Epoch 39/100 ==========
2026-02-28 19:43:18,395 - INFO - Train | Loss: 0.8412 | Acc: 0.7033
2026-02-28 19:43:22,238 - INFO - Valid | Loss: 0.8448 | Acc: 0.7022
2026-02-28 19:43:22,396 - INFO - 保存最佳模型 | 验证准确率：0.7022 | 路径：./work_dirs/resnet34\best_model.pth
2026-02-28 19:43:22,397 - INFO - 
========== Epoch 40/100 ==========
2026-02-28 19:43:58,216 - INFO - Train | Loss: 0.8308 | Acc: 0.7074
2026-02-28 19:44:02,074 - INFO - Valid | Loss: 0.8330 | Acc: 0.7060
2026-02-28 19:44:02,233 - INFO - 保存最佳模型 | 验证准确率：0.7060 | 路径：./work_dirs/resnet34\best_model.pth
2026-02-28 19:44:02,391 - INFO - 保存轮次模型 | 路径：./work_dirs/resnet34\epoch_40_acc_0.7060.pth
2026-02-28 19:44:02,391 - INFO - 
========== Epoch 41/100 ==========
2026-02-28 19:44:38,628 - INFO - Train | Loss: 0.8176 | Acc: 0.7129
2026-02-28 19:44:42,682 - INFO - Valid | Loss: 0.8110 | Acc: 0.7145
2026-02-28 19:44:42,842 - INFO - 保存最佳模型 | 验证准确率：0.7145 | 路径：./work_dirs/resnet34\best_model.pth
2026-02-28 19:44:42,843 - INFO - 
========== Epoch 42/100 ==========
2026-02-28 19:45:18,640 - INFO - Train | Loss: 0.8078 | Acc: 0.7165
2026-02-28 19:45:22,499 - INFO - Valid | Loss: 0.8017 | Acc: 0.7183
2026-02-28 19:45:22,656 - INFO - 保存最佳模型 | 验证准确率：0.7183 | 路径：./work_dirs/resnet34\best_model.pth
2026-02-28 19:45:22,656 - INFO - 
========== Epoch 43/100 ==========
2026-02-28 19:45:58,542 - INFO - Train | Loss: 0.7949 | Acc: 0.7196
2026-02-28 19:46:02,367 - INFO - Valid | Loss: 0.7946 | Acc: 0.7200
2026-02-28 19:46:02,538 - INFO - 保存最佳模型 | 验证准确率：0.7200 | 路径：./work_dirs/resnet34\best_model.pth
2026-02-28 19:46:02,538 - INFO - 
========== Epoch 44/100 ==========
2026-02-28 19:46:38,686 - INFO - Train | Loss: 0.7891 | Acc: 0.7237
2026-02-28 19:46:42,560 - INFO - Valid | Loss: 0.7816 | Acc: 0.7258
2026-02-28 19:46:42,739 - INFO - 保存最佳模型 | 验证准确率：0.7258 | 路径：./work_dirs/resnet34\best_model.pth
2026-02-28 19:46:42,739 - INFO - 
========== Epoch 45/100 ==========
2026-02-28 19:47:18,545 - INFO - Train | Loss: 0.7748 | Acc: 0.7255
2026-02-28 19:47:22,351 - INFO - Valid | Loss: 0.7763 | Acc: 0.7284
2026-02-28 19:47:22,527 - INFO - 保存最佳模型 | 验证准确率：0.7284 | 路径：./work_dirs/resnet34\best_model.pth
2026-02-28 19:47:22,528 - INFO - 
========== Epoch 46/100 ==========
2026-02-28 19:47:58,828 - INFO - Train | Loss: 0.7689 | Acc: 0.7287
2026-02-28 19:48:02,611 - INFO - Valid | Loss: 0.7688 | Acc: 0.7300
2026-02-28 19:48:02,787 - INFO - 保存最佳模型 | 验证准确率：0.7300 | 路径：./work_dirs/resnet34\best_model.pth
2026-02-28 19:48:02,788 - INFO - 
========== Epoch 47/100 ==========
2026-02-28 19:48:38,788 - INFO - Train | Loss: 0.7563 | Acc: 0.7319
2026-02-28 19:48:42,541 - INFO - Valid | Loss: 0.7592 | Acc: 0.7339
2026-02-28 19:48:42,698 - INFO - 保存最佳模型 | 验证准确率：0.7339 | 路径：./work_dirs/resnet34\best_model.pth
2026-02-28 19:48:42,699 - INFO - 
========== Epoch 48/100 ==========
2026-02-28 19:49:18,938 - INFO - Train | Loss: 0.7514 | Acc: 0.7362
2026-02-28 19:49:22,697 - INFO - Valid | Loss: 0.7550 | Acc: 0.7341
2026-02-28 19:49:22,860 - INFO - 保存最佳模型 | 验证准确率：0.7341 | 路径：./work_dirs/resnet34\best_model.pth
2026-02-28 19:49:22,860 - INFO - 
========== Epoch 49/100 ==========
2026-02-28 19:49:58,765 - INFO - Train | Loss: 0.7426 | Acc: 0.7395
2026-02-28 19:50:02,546 - INFO - Valid | Loss: 0.7456 | Acc: 0.7412
2026-02-28 19:50:02,707 - INFO - 保存最佳模型 | 验证准确率：0.7412 | 路径：./work_dirs/resnet34\best_model.pth
2026-02-28 19:50:02,707 - INFO - 
========== Epoch 50/100 ==========
2026-02-28 19:50:38,671 - INFO - Train | Loss: 0.7340 | Acc: 0.7420
2026-02-28 19:50:42,455 - INFO - Valid | Loss: 0.7423 | Acc: 0.7421
2026-02-28 19:50:42,622 - INFO - 保存最佳模型 | 验证准确率：0.7421 | 路径：./work_dirs/resnet34\best_model.pth
2026-02-28 19:50:42,800 - INFO - 保存轮次模型 | 路径：./work_dirs/resnet34\epoch_50_acc_0.7421.pth
2026-02-28 19:50:42,801 - INFO - 
========== Epoch 51/100 ==========
2026-02-28 19:51:18,699 - INFO - Train | Loss: 0.7249 | Acc: 0.7450
2026-02-28 19:51:22,573 - INFO - Valid | Loss: 0.7359 | Acc: 0.7419
2026-02-28 19:51:22,573 - INFO - 
========== Epoch 52/100 ==========
2026-02-28 19:51:58,782 - INFO - Train | Loss: 0.7211 | Acc: 0.7440
2026-02-28 19:52:02,538 - INFO - Valid | Loss: 0.7324 | Acc: 0.7431
2026-02-28 19:52:02,722 - INFO - 保存最佳模型 | 验证准确率：0.7431 | 路径：./work_dirs/resnet34\best_model.pth
2026-02-28 19:52:02,722 - INFO - 
========== Epoch 53/100 ==========
2026-02-28 19:52:38,801 - INFO - Train | Loss: 0.7089 | Acc: 0.7506
2026-02-28 19:52:42,557 - INFO - Valid | Loss: 0.7290 | Acc: 0.7445
2026-02-28 19:52:42,724 - INFO - 保存最佳模型 | 验证准确率：0.7445 | 路径：./work_dirs/resnet34\best_model.pth
2026-02-28 19:52:42,724 - INFO - 
========== Epoch 54/100 ==========
2026-02-28 19:53:18,843 - INFO - Train | Loss: 0.6990 | Acc: 0.7521
2026-02-28 19:53:22,689 - INFO - Valid | Loss: 0.7230 | Acc: 0.7480
2026-02-28 19:53:22,888 - INFO - 保存最佳模型 | 验证准确率：0.7480 | 路径：./work_dirs/resnet34\best_model.pth
2026-02-28 19:53:22,888 - INFO - 
========== Epoch 55/100 ==========
2026-02-28 19:54:01,607 - INFO - Train | Loss: 0.6987 | Acc: 0.7544
2026-02-28 19:54:05,474 - INFO - Valid | Loss: 0.7145 | Acc: 0.7518
2026-02-28 19:54:05,634 - INFO - 保存最佳模型 | 验证准确率：0.7518 | 路径：./work_dirs/resnet34\best_model.pth
2026-02-28 19:54:05,634 - INFO - 
========== Epoch 56/100 ==========
2026-02-28 19:54:41,580 - INFO - Train | Loss: 0.6988 | Acc: 0.7527
2026-02-28 19:54:45,338 - INFO - Valid | Loss: 0.7135 | Acc: 0.7519
2026-02-28 19:54:45,498 - INFO - 保存最佳模型 | 验证准确率：0.7519 | 路径：./work_dirs/resnet34\best_model.pth
2026-02-28 19:54:45,499 - INFO - 
========== Epoch 57/100 ==========
2026-02-28 19:55:21,504 - INFO - Train | Loss: 0.6858 | Acc: 0.7588
2026-02-28 19:55:25,262 - INFO - Valid | Loss: 0.7020 | Acc: 0.7543
2026-02-28 19:55:25,425 - INFO - 保存最佳模型 | 验证准确率：0.7543 | 路径：./work_dirs/resnet34\best_model.pth
2026-02-28 19:55:25,426 - INFO - 
========== Epoch 58/100 ==========
2026-02-28 19:56:03,292 - INFO - Train | Loss: 0.6820 | Acc: 0.7585
2026-02-28 19:56:07,435 - INFO - Valid | Loss: 0.6979 | Acc: 0.7576
2026-02-28 19:56:07,597 - INFO - 保存最佳模型 | 验证准确率：0.7576 | 路径：./work_dirs/resnet34\best_model.pth
2026-02-28 19:56:07,598 - INFO - 
========== Epoch 59/100 ==========
2026-02-28 19:56:44,022 - INFO - Train | Loss: 0.6727 | Acc: 0.7643
2026-02-28 19:56:47,767 - INFO - Valid | Loss: 0.6932 | Acc: 0.7585
2026-02-28 19:56:47,928 - INFO - 保存最佳模型 | 验证准确率：0.7585 | 路径：./work_dirs/resnet34\best_model.pth
2026-02-28 19:56:47,928 - INFO - 
========== Epoch 60/100 ==========
2026-02-28 19:57:23,893 - INFO - Train | Loss: 0.6656 | Acc: 0.7654
2026-02-28 19:57:27,642 - INFO - Valid | Loss: 0.6962 | Acc: 0.7580
2026-02-28 19:57:27,818 - INFO - 保存轮次模型 | 路径：./work_dirs/resnet34\epoch_60_acc_0.7580.pth
2026-02-28 19:57:27,818 - INFO - 
========== Epoch 61/100 ==========
2026-02-28 19:58:04,296 - INFO - Train | Loss: 0.6551 | Acc: 0.7702
2026-02-28 19:58:08,093 - INFO - Valid | Loss: 0.6880 | Acc: 0.7610
2026-02-28 19:58:08,253 - INFO - 保存最佳模型 | 验证准确率：0.7610 | 路径：./work_dirs/resnet34\best_model.pth
2026-02-28 19:58:08,254 - INFO - 
========== Epoch 62/100 ==========
2026-02-28 19:58:44,323 - INFO - Train | Loss: 0.6555 | Acc: 0.7683
2026-02-28 19:58:48,099 - INFO - Valid | Loss: 0.6807 | Acc: 0.7635
2026-02-28 19:58:48,274 - INFO - 保存最佳模型 | 验证准确率：0.7635 | 路径：./work_dirs/resnet34\best_model.pth
2026-02-28 19:58:48,274 - INFO - 
========== Epoch 63/100 ==========
2026-02-28 19:59:24,243 - INFO - Train | Loss: 0.6496 | Acc: 0.7689
2026-02-28 19:59:27,969 - INFO - Valid | Loss: 0.6778 | Acc: 0.7654
2026-02-28 19:59:28,128 - INFO - 保存最佳模型 | 验证准确率：0.7654 | 路径：./work_dirs/resnet34\best_model.pth
2026-02-28 19:59:28,129 - INFO - 
========== Epoch 64/100 ==========
2026-02-28 20:00:04,095 - INFO - Train | Loss: 0.6381 | Acc: 0.7746
2026-02-28 20:00:07,931 - INFO - Valid | Loss: 0.6700 | Acc: 0.7675
2026-02-28 20:00:08,087 - INFO - 保存最佳模型 | 验证准确率：0.7675 | 路径：./work_dirs/resnet34\best_model.pth
2026-02-28 20:00:08,088 - INFO - 
========== Epoch 65/100 ==========
2026-02-28 20:00:43,888 - INFO - Train | Loss: 0.6378 | Acc: 0.7734
2026-02-28 20:00:47,786 - INFO - Valid | Loss: 0.6652 | Acc: 0.7711
2026-02-28 20:00:47,949 - INFO - 保存最佳模型 | 验证准确率：0.7711 | 路径：./work_dirs/resnet34\best_model.pth
2026-02-28 20:00:47,949 - INFO - 
========== Epoch 66/100 ==========
2026-02-28 20:01:23,797 - INFO - Train | Loss: 0.6320 | Acc: 0.7774
2026-02-28 20:01:27,636 - INFO - Valid | Loss: 0.6673 | Acc: 0.7683
2026-02-28 20:01:27,636 - INFO - 
========== Epoch 67/100 ==========
2026-02-28 20:02:03,783 - INFO - Train | Loss: 0.6293 | Acc: 0.7778
2026-02-28 20:02:07,617 - INFO - Valid | Loss: 0.6618 | Acc: 0.7711
2026-02-28 20:02:07,618 - INFO - 
========== Epoch 68/100 ==========
2026-02-28 20:02:43,592 - INFO - Train | Loss: 0.6250 | Acc: 0.7807
2026-02-28 20:02:47,417 - INFO - Valid | Loss: 0.6632 | Acc: 0.7723
2026-02-28 20:02:47,572 - INFO - 保存最佳模型 | 验证准确率：0.7723 | 路径：./work_dirs/resnet34\best_model.pth
2026-02-28 20:02:47,572 - INFO - 
========== Epoch 69/100 ==========
2026-02-28 20:03:23,456 - INFO - Train | Loss: 0.6172 | Acc: 0.7829
2026-02-28 20:03:27,294 - INFO - Valid | Loss: 0.6615 | Acc: 0.7723
2026-02-28 20:03:27,295 - INFO - 
========== Epoch 70/100 ==========
2026-02-28 20:04:03,191 - INFO - Train | Loss: 0.6167 | Acc: 0.7820
2026-02-28 20:04:07,019 - INFO - Valid | Loss: 0.6528 | Acc: 0.7770
2026-02-28 20:04:07,206 - INFO - 保存最佳模型 | 验证准确率：0.7770 | 路径：./work_dirs/resnet34\best_model.pth
2026-02-28 20:04:07,406 - INFO - 保存轮次模型 | 路径：./work_dirs/resnet34\epoch_70_acc_0.7770.pth
2026-02-28 20:04:07,406 - INFO - 
========== Epoch 71/100 ==========
2026-02-28 20:04:43,260 - INFO - Train | Loss: 0.6083 | Acc: 0.7841
2026-02-28 20:04:47,153 - INFO - Valid | Loss: 0.6529 | Acc: 0.7744
2026-02-28 20:04:47,153 - INFO - 
========== Epoch 72/100 ==========
2026-02-28 20:05:23,006 - INFO - Train | Loss: 0.6007 | Acc: 0.7876
2026-02-28 20:05:26,768 - INFO - Valid | Loss: 0.6498 | Acc: 0.7779
2026-02-28 20:05:26,950 - INFO - 保存最佳模型 | 验证准确率：0.7779 | 路径：./work_dirs/resnet34\best_model.pth
2026-02-28 20:05:26,951 - INFO - 
========== Epoch 73/100 ==========
2026-02-28 20:06:02,851 - INFO - Train | Loss: 0.5993 | Acc: 0.7872
2026-02-28 20:06:06,606 - INFO - Valid | Loss: 0.6408 | Acc: 0.7800
2026-02-28 20:06:06,763 - INFO - 保存最佳模型 | 验证准确率：0.7800 | 路径：./work_dirs/resnet34\best_model.pth
2026-02-28 20:06:06,764 - INFO - 
========== Epoch 74/100 ==========
2026-02-28 20:06:43,482 - INFO - Train | Loss: 0.5928 | Acc: 0.7900
2026-02-28 20:06:47,265 - INFO - Valid | Loss: 0.6441 | Acc: 0.7785
2026-02-28 20:06:47,265 - INFO - 
========== Epoch 75/100 ==========
2026-02-28 20:07:23,485 - INFO - Train | Loss: 0.5881 | Acc: 0.7916
2026-02-28 20:07:27,291 - INFO - Valid | Loss: 0.6435 | Acc: 0.7795
2026-02-28 20:07:27,291 - INFO - 
========== Epoch 76/100 ==========
2026-02-28 20:08:03,389 - INFO - Train | Loss: 0.5894 | Acc: 0.7908
2026-02-28 20:08:07,167 - INFO - Valid | Loss: 0.6358 | Acc: 0.7803
2026-02-28 20:08:07,329 - INFO - 保存最佳模型 | 验证准确率：0.7803 | 路径：./work_dirs/resnet34\best_model.pth
2026-02-28 20:08:07,329 - INFO - 
========== Epoch 77/100 ==========
2026-02-28 20:08:43,171 - INFO - Train | Loss: 0.5817 | Acc: 0.7947
2026-02-28 20:08:46,981 - INFO - Valid | Loss: 0.6354 | Acc: 0.7824
2026-02-28 20:08:47,140 - INFO - 保存最佳模型 | 验证准确率：0.7824 | 路径：./work_dirs/resnet34\best_model.pth
2026-02-28 20:08:47,141 - INFO - 
========== Epoch 78/100 ==========
2026-02-28 20:09:22,887 - INFO - Train | Loss: 0.5773 | Acc: 0.7962
2026-02-28 20:09:26,730 - INFO - Valid | Loss: 0.6373 | Acc: 0.7841
2026-02-28 20:09:26,910 - INFO - 保存最佳模型 | 验证准确率：0.7841 | 路径：./work_dirs/resnet34\best_model.pth
2026-02-28 20:09:26,910 - INFO - 
========== Epoch 79/100 ==========
2026-02-28 20:10:02,791 - INFO - Train | Loss: 0.5708 | Acc: 0.7963
2026-02-28 20:10:06,586 - INFO - Valid | Loss: 0.6319 | Acc: 0.7848
2026-02-28 20:10:06,749 - INFO - 保存最佳模型 | 验证准确率：0.7848 | 路径：./work_dirs/resnet34\best_model.pth
2026-02-28 20:10:06,750 - INFO - 
========== Epoch 80/100 ==========
2026-02-28 20:10:42,695 - INFO - Train | Loss: 0.5699 | Acc: 0.7988
2026-02-28 20:10:46,459 - INFO - Valid | Loss: 0.6295 | Acc: 0.7851
2026-02-28 20:10:46,618 - INFO - 保存最佳模型 | 验证准确率：0.7851 | 路径：./work_dirs/resnet34\best_model.pth
2026-02-28 20:10:46,782 - INFO - 保存轮次模型 | 路径：./work_dirs/resnet34\epoch_80_acc_0.7851.pth
2026-02-28 20:10:46,782 - INFO - 
========== Epoch 81/100 ==========
2026-02-28 20:11:22,517 - INFO - Train | Loss: 0.5683 | Acc: 0.7974
2026-02-28 20:11:26,380 - INFO - Valid | Loss: 0.6269 | Acc: 0.7849
2026-02-28 20:11:26,381 - INFO - 
========== Epoch 82/100 ==========
2026-02-28 20:12:03,228 - INFO - Train | Loss: 0.5650 | Acc: 0.7999
2026-02-28 20:12:07,178 - INFO - Valid | Loss: 0.6262 | Acc: 0.7864
2026-02-28 20:12:07,345 - INFO - 保存最佳模型 | 验证准确率：0.7864 | 路径：./work_dirs/resnet34\best_model.pth
2026-02-28 20:12:07,345 - INFO - 
========== Epoch 83/100 ==========
2026-02-28 20:12:43,417 - INFO - Train | Loss: 0.5594 | Acc: 0.8026
2026-02-28 20:12:47,236 - INFO - Valid | Loss: 0.6209 | Acc: 0.7883
2026-02-28 20:12:47,400 - INFO - 保存最佳模型 | 验证准确率：0.7883 | 路径：./work_dirs/resnet34\best_model.pth
2026-02-28 20:12:47,400 - INFO - 
========== Epoch 84/100 ==========
2026-02-28 20:13:23,403 - INFO - Train | Loss: 0.5533 | Acc: 0.8047
2026-02-28 20:13:27,296 - INFO - Valid | Loss: 0.6260 | Acc: 0.7860
2026-02-28 20:13:27,296 - INFO - 
========== Epoch 85/100 ==========
2026-02-28 20:14:03,050 - INFO - Train | Loss: 0.5524 | Acc: 0.8020
2026-02-28 20:14:06,964 - INFO - Valid | Loss: 0.6207 | Acc: 0.7878
2026-02-28 20:14:06,965 - INFO - 
========== Epoch 86/100 ==========
2026-02-28 20:14:42,648 - INFO - Train | Loss: 0.5487 | Acc: 0.8064
2026-02-28 20:14:46,528 - INFO - Valid | Loss: 0.6173 | Acc: 0.7885
2026-02-28 20:14:46,691 - INFO - 保存最佳模型 | 验证准确率：0.7885 | 路径：./work_dirs/resnet34\best_model.pth
2026-02-28 20:14:46,691 - INFO - 
========== Epoch 87/100 ==========
2026-02-28 20:15:22,606 - INFO - Train | Loss: 0.5404 | Acc: 0.8081
2026-02-28 20:15:26,467 - INFO - Valid | Loss: 0.6162 | Acc: 0.7908
2026-02-28 20:15:26,663 - INFO - 保存最佳模型 | 验证准确率：0.7908 | 路径：./work_dirs/resnet34\best_model.pth
2026-02-28 20:15:26,664 - INFO - 
========== Epoch 88/100 ==========
2026-02-28 20:16:02,549 - INFO - Train | Loss: 0.5384 | Acc: 0.8095
2026-02-28 20:16:06,313 - INFO - Valid | Loss: 0.6118 | Acc: 0.7902
2026-02-28 20:16:06,313 - INFO - 
========== Epoch 89/100 ==========
2026-02-28 20:16:42,594 - INFO - Train | Loss: 0.5287 | Acc: 0.8134
2026-02-28 20:16:46,364 - INFO - Valid | Loss: 0.6117 | Acc: 0.7917
2026-02-28 20:16:46,528 - INFO - 保存最佳模型 | 验证准确率：0.7917 | 路径：./work_dirs/resnet34\best_model.pth
2026-02-28 20:16:46,529 - INFO - 
========== Epoch 90/100 ==========
2026-02-28 20:17:22,422 - INFO - Train | Loss: 0.5348 | Acc: 0.8096
2026-02-28 20:17:26,204 - INFO - Valid | Loss: 0.6129 | Acc: 0.7904
2026-02-28 20:17:26,380 - INFO - 保存轮次模型 | 路径：./work_dirs/resnet34\epoch_90_acc_0.7904.pth
2026-02-28 20:17:26,381 - INFO - 
========== Epoch 91/100 ==========
2026-02-28 20:18:02,492 - INFO - Train | Loss: 0.5288 | Acc: 0.8121
2026-02-28 20:18:05,989 - INFO - Valid | Loss: 0.6082 | Acc: 0.7934
2026-02-28 20:18:06,144 - INFO - 保存最佳模型 | 验证准确率：0.7934 | 路径：./work_dirs/resnet34\best_model.pth
2026-02-28 20:18:06,145 - INFO - 
========== Epoch 92/100 ==========
2026-02-28 20:18:39,657 - INFO - Train | Loss: 0.5246 | Acc: 0.8135
2026-02-28 20:18:43,161 - INFO - Valid | Loss: 0.6052 | Acc: 0.7946
2026-02-28 20:18:43,319 - INFO - 保存最佳模型 | 验证准确率：0.7946 | 路径：./work_dirs/resnet34\best_model.pth
2026-02-28 20:18:43,320 - INFO - 
========== Epoch 93/100 ==========
2026-02-28 20:19:16,559 - INFO - Train | Loss: 0.5183 | Acc: 0.8172
2026-02-28 20:19:20,049 - INFO - Valid | Loss: 0.6077 | Acc: 0.7928
2026-02-28 20:19:20,050 - INFO - 
========== Epoch 94/100 ==========
2026-02-28 20:19:53,294 - INFO - Train | Loss: 0.5158 | Acc: 0.8162
2026-02-28 20:19:56,778 - INFO - Valid | Loss: 0.6059 | Acc: 0.7942
2026-02-28 20:19:56,779 - INFO - 
========== Epoch 95/100 ==========
2026-02-28 20:20:29,960 - INFO - Train | Loss: 0.5135 | Acc: 0.8177
2026-02-28 20:20:33,450 - INFO - Valid | Loss: 0.6057 | Acc: 0.7940
2026-02-28 20:20:33,451 - INFO - 
========== Epoch 96/100 ==========
2026-02-28 20:21:07,019 - INFO - Train | Loss: 0.5112 | Acc: 0.8198
2026-02-28 20:21:10,549 - INFO - Valid | Loss: 0.6002 | Acc: 0.7962
2026-02-28 20:21:10,705 - INFO - 保存最佳模型 | 验证准确率：0.7962 | 路径：./work_dirs/resnet34\best_model.pth
2026-02-28 20:21:10,705 - INFO - 
========== Epoch 97/100 ==========
2026-02-28 20:21:44,283 - INFO - Train | Loss: 0.5056 | Acc: 0.8212
2026-02-28 20:21:47,881 - INFO - Valid | Loss: 0.6017 | Acc: 0.7970
2026-02-28 20:21:48,041 - INFO - 保存最佳模型 | 验证准确率：0.7970 | 路径：./work_dirs/resnet34\best_model.pth
2026-02-28 20:21:48,042 - INFO - 
========== Epoch 98/100 ==========
2026-02-28 20:22:21,742 - INFO - Train | Loss: 0.5040 | Acc: 0.8218
2026-02-28 20:22:25,287 - INFO - Valid | Loss: 0.5997 | Acc: 0.7958
2026-02-28 20:22:25,288 - INFO - 
========== Epoch 99/100 ==========
2026-02-28 20:22:58,811 - INFO - Train | Loss: 0.4973 | Acc: 0.8241
2026-02-28 20:23:02,344 - INFO - Valid | Loss: 0.5983 | Acc: 0.7980
2026-02-28 20:23:02,507 - INFO - 保存最佳模型 | 验证准确率：0.7980 | 路径：./work_dirs/resnet34\best_model.pth
2026-02-28 20:23:02,507 - INFO - 
========== Epoch 100/100 ==========
2026-02-28 20:23:36,135 - INFO - Train | Loss: 0.4970 | Acc: 0.8254
2026-02-28 20:23:39,639 - INFO - Valid | Loss: 0.5967 | Acc: 0.7993
2026-02-28 20:23:39,800 - INFO - 保存最佳模型 | 验证准确率：0.7993 | 路径：./work_dirs/resnet34\best_model.pth
2026-02-28 20:23:39,959 - INFO - 保存轮次模型 | 路径：./work_dirs/resnet34\epoch_100_acc_0.7993.pth
2026-02-28 20:23:39,959 - INFO - 
训练完成 | 最佳验证准确率：0.7993 | 模型保存路径：./work_dirs/resnet34
